exports[`UI Test for ScoreCard Score Card should render correctly 1`] = `
ShallowWrapper {
  Symbol(enzyme.__root__): [Circular],
  Symbol(enzyme.__unrendered__): <ScoreCard />,
  Symbol(enzyme.__renderer__): Object {
    "batchedUpdates": [Function],
    "checkPropTypes": [Function],
    "getNode": [Function],
    "render": [Function],
    "simulateError": [Function],
    "simulateEvent": [Function],
    "unmount": [Function],
  },
  Symbol(enzyme.__node__): Object {
    "instance": null,
    "key": undefined,
    "nodeType": "host",
    "props": Object {
      "children": <div
        className="row">
        <div
                className="col s12">
                <div
                        className="card">
                        <div
                                className="card-content center-align">
                                <span
                                        className="card-title">
                                        Your Score for this test is
                                </span>
                                <h3 />
                        </div>
                </div>
        </div>
</div>,
    },
    "ref": null,
    "rendered": Object {
      "instance": null,
      "key": undefined,
      "nodeType": "host",
      "props": Object {
        "children": <div
          className="col s12">
          <div
                    className="card">
                    <div
                              className="card-content center-align">
                              <span
                                        className="card-title">
                                        Your Score for this test is
                              </span>
                              <h3 />
                    </div>
          </div>
</div>,
        "className": "row",
      },
      "ref": null,
      "rendered": Object {
        "instance": null,
        "key": undefined,
        "nodeType": "host",
        "props": Object {
          "children": <div
            className="card">
            <div
                        className="card-content center-align">
                        <span
                                    className="card-title">
                                    Your Score for this test is
                        </span>
                        <h3 />
            </div>
</div>,
          "className": "col s12",
        },
        "ref": null,
        "rendered": Object {
          "instance": null,
          "key": undefined,
          "nodeType": "host",
          "props": Object {
            "children": <div
              className="card-content center-align">
              <span
                            className="card-title">
                            Your Score for this test is
              </span>
              <h3 />
</div>,
            "className": "card",
          },
          "ref": null,
          "rendered": Object {
            "instance": null,
            "key": undefined,
            "nodeType": "host",
            "props": Object {
              "children": Array [
                <span
                  className="card-title">
                  Your Score for this test is
</span>,
                <h3 />,
              ],
              "className": "card-content center-align",
            },
            "ref": null,
            "rendered": Array [
              Object {
                "instance": null,
                "key": undefined,
                "nodeType": "host",
                "props": Object {
                  "children": "Your Score for this test is",
                  "className": "card-title",
                },
                "ref": null,
                "rendered": "Your Score for this test is",
                "type": "span",
              },
              Object {
                "instance": null,
                "key": undefined,
                "nodeType": "host",
                "props": Object {
                  "children": undefined,
                },
                "ref": null,
                "rendered": null,
                "type": "h3",
              },
            ],
            "type": "div",
          },
          "type": "div",
        },
        "type": "div",
      },
      "type": "div",
    },
    "type": "div",
  },
  Symbol(enzyme.__nodes__): Array [
    Object {
      "instance": null,
      "key": undefined,
      "nodeType": "host",
      "props": Object {
        "children": <div
          className="row">
          <div
                    className="col s12">
                    <div
                              className="card">
                              <div
                                        className="card-content center-align">
                                        <span
                                                  className="card-title">
                                                  Your Score for this test is
                                        </span>
                                        <h3 />
                              </div>
                    </div>
          </div>
</div>,
      },
      "ref": null,
      "rendered": Object {
        "instance": null,
        "key": undefined,
        "nodeType": "host",
        "props": Object {
          "children": <div
            className="col s12">
            <div
                        className="card">
                        <div
                                    className="card-content center-align">
                                    <span
                                                className="card-title">
                                                Your Score for this test is
                                    </span>
                                    <h3 />
                        </div>
            </div>
</div>,
          "className": "row",
        },
        "ref": null,
        "rendered": Object {
          "instance": null,
          "key": undefined,
          "nodeType": "host",
          "props": Object {
            "children": <div
              className="card">
              <div
                            className="card-content center-align">
                            <span
                                          className="card-title">
                                          Your Score for this test is
                            </span>
                            <h3 />
              </div>
</div>,
            "className": "col s12",
          },
          "ref": null,
          "rendered": Object {
            "instance": null,
            "key": undefined,
            "nodeType": "host",
            "props": Object {
              "children": <div
                className="card-content center-align">
                <span
                                className="card-title">
                                Your Score for this test is
                </span>
                <h3 />
</div>,
              "className": "card",
            },
            "ref": null,
            "rendered": Object {
              "instance": null,
              "key": undefined,
              "nodeType": "host",
              "props": Object {
                "children": Array [
                  <span
                    className="card-title">
                    Your Score for this test is
</span>,
                  <h3 />,
                ],
                "className": "card-content center-align",
              },
              "ref": null,
              "rendered": Array [
                Object {
                  "instance": null,
                  "key": undefined,
                  "nodeType": "host",
                  "props": Object {
                    "children": "Your Score for this test is",
                    "className": "card-title",
                  },
                  "ref": null,
                  "rendered": "Your Score for this test is",
                  "type": "span",
                },
                Object {
                  "instance": null,
                  "key": undefined,
                  "nodeType": "host",
                  "props": Object {
                    "children": undefined,
                  },
                  "ref": null,
                  "rendered": null,
                  "type": "h3",
                },
              ],
              "type": "div",
            },
            "type": "div",
          },
          "type": "div",
        },
        "type": "div",
      },
      "type": "div",
    },
  ],
  Symbol(enzyme.__options__): Object {
    "adapter": ReactSixteenAdapter {
      "options": Object {
        "enableComponentDidUpdateOnSetState": true,
        "legacyContextMode": "parent",
        "lifecycles": Object {
          "componentDidUpdate": Object {
            "onSetState": true,
          },
          "getChildContext": Object {
            "calledByRenderer": false,
          },
          "getDerivedStateFromError": true,
          "getDerivedStateFromProps": Object {
            "hasShouldComponentUpdateBug": false,
          },
          "getSnapshotBeforeUpdate": true,
          "setState": Object {
            "skipsComponentDidUpdateOnNullish": true,
          },
        },
      },
    },
    Symbol(enzyme.__providerValues__): undefined,
  },
  Symbol(enzyme.__providerValues__): Map {},
  Symbol(enzyme.__childContext__): null,
}
`;
