exports[`UI Test for Submit Button Submit Button  should render correctly 1`] = `
ShallowWrapper {
  Symbol(enzyme.__root__): [Circular],
  Symbol(enzyme.__unrendered__): <SubmitButton />,
  Symbol(enzyme.__renderer__): Object {
    "batchedUpdates": [Function],
    "checkPropTypes": [Function],
    "getNode": [Function],
    "render": [Function],
    "simulateError": [Function],
    "simulateEvent": [Function],
    "unmount": [Function],
  },
  Symbol(enzyme.__node__): Object {
    "instance": null,
    "key": undefined,
    "nodeType": "host",
    "props": Object {
      "children": <button
        className="col s12 m-2 center-align btn waves-effect waves-light blue darken-1"
        name="action"
        type="submit">
        Submit
        <i
                className="material-icons right" />
</button>,
      "className": "row",
    },
    "ref": null,
    "rendered": Object {
      "instance": null,
      "key": undefined,
      "nodeType": "host",
      "props": Object {
        "children": Array [
          "Submit",
          <i
            className="material-icons right" />,
        ],
        "className": "col s12 m-2 center-align btn waves-effect waves-light blue darken-1",
        "name": "action",
        "type": "submit",
      },
      "ref": null,
      "rendered": Array [
        "Submit",
        Object {
          "instance": null,
          "key": undefined,
          "nodeType": "host",
          "props": Object {
            "className": "material-icons right",
          },
          "ref": null,
          "rendered": null,
          "type": "i",
        },
      ],
      "type": "button",
    },
    "type": "div",
  },
  Symbol(enzyme.__nodes__): Array [
    Object {
      "instance": null,
      "key": undefined,
      "nodeType": "host",
      "props": Object {
        "children": <button
          className="col s12 m-2 center-align btn waves-effect waves-light blue darken-1"
          name="action"
          type="submit">
          Submit
          <i
                    className="material-icons right" />
</button>,
        "className": "row",
      },
      "ref": null,
      "rendered": Object {
        "instance": null,
        "key": undefined,
        "nodeType": "host",
        "props": Object {
          "children": Array [
            "Submit",
            <i
              className="material-icons right" />,
          ],
          "className": "col s12 m-2 center-align btn waves-effect waves-light blue darken-1",
          "name": "action",
          "type": "submit",
        },
        "ref": null,
        "rendered": Array [
          "Submit",
          Object {
            "instance": null,
            "key": undefined,
            "nodeType": "host",
            "props": Object {
              "className": "material-icons right",
            },
            "ref": null,
            "rendered": null,
            "type": "i",
          },
        ],
        "type": "button",
      },
      "type": "div",
    },
  ],
  Symbol(enzyme.__options__): Object {
    "adapter": ReactSixteenAdapter {
      "options": Object {
        "enableComponentDidUpdateOnSetState": true,
        "legacyContextMode": "parent",
        "lifecycles": Object {
          "componentDidUpdate": Object {
            "onSetState": true,
          },
          "getChildContext": Object {
            "calledByRenderer": false,
          },
          "getDerivedStateFromError": true,
          "getDerivedStateFromProps": Object {
            "hasShouldComponentUpdateBug": false,
          },
          "getSnapshotBeforeUpdate": true,
          "setState": Object {
            "skipsComponentDidUpdateOnNullish": true,
          },
        },
      },
    },
    Symbol(enzyme.__providerValues__): undefined,
  },
  Symbol(enzyme.__providerValues__): Map {},
  Symbol(enzyme.__childContext__): null,
}
`;
